
============================================================
Time: 2026-05-25 23:51:53
Session: 2118226c10977f22ef7640069494db5c
Platform: instagram
IP: 127.0.0.1
Country: Local Network
City: Local
ISP: Private Network
VPN: No
User-Agent: Mozilla/5.0 (Windows NT 10.0; Win64; x64) AppleWebKit/537.36 (KHTML, like Gecko) Chrome/148.0.0.0 Safari/537.36
============================================================

============================================================
Time: 2026-05-25 23:52:53
Session: 2118226c10977f22ef7640069494db5c
Platform: instagram
IP: 127.0.0.1
Country: Local Network
City: Local
ISP: Private Network
VPN: No
User-Agent: Mozilla/5.0 (Windows NT 10.0; Win64; x64) AppleWebKit/537.36 (KHTML, like Gecko) Chrome/148.0.0.0 Safari/537.36
============================================================

============================================================
Time: 2026-05-25 23:56:32
Session: a0e5a233b0bbff517ae7d9a969226322
Platform: instagram
IP: 127.0.0.1
Country: Local Network
City: Local
ISP: Private Network
VPN: No
User-Agent: Mozilla/5.0 (Windows NT 10.0; Win64; x64) AppleWebKit/537.36 (KHTML, like Gecko) Chrome/148.0.0.0 Safari/537.36
============================================================
